// Jest Snapshot v1, https://goo.gl/fbAQLP

exports[`Input component should render correctly 1`] = `
<div
  className="relative flex items-center"
>
  <input
    className="px-4 py-2 w-full bg-transparent dark:text-gray-200 border-2 rounded-lg dark:border-dark-mode"
    defaultValue="type here..."
    type="text"
  />
</div>
`;
