// Jest Snapshot v1, https://goo.gl/fbAQLP

exports[`Card component should render correctly 1`] = `
<div
  className="w-full h-full p-4 border-2 border-light-mode dark:border-dark-mode rounded-lg hover:border-gray-300 dark:hover:border-gray-300"
>
  <div
    className="aspect-[4/3] relative overflow-hidden rounded-lg"
  >
    <a
      className="w-full h-full block relative"
      data-cy="post"
      href="/blog/chuong-10-selection-algorithms-2-problems-and-solutions-13-21"
      onClick={[Function]}
      onMouseEnter={[Function]}
      onTouchStart={[Function]}
    >
      <img
        alt="what-s-inside-a-black-hole"
        className="hover:scale-110 transition-all duration-200"
        data-nimg="fill"
        decoding="async"
        fetchpriority="high"
        onError={[Function]}
        onLoad={[Function]}
        sizes="[object Object]"
        src="/_next/image?url=https%3A%2F%2Fres.cloudinary.com%2Fdk9jp2gb5%2Fimage%2Fupload%2Fv1687419247%2Fsmall_what_s_inside_a_black_hole_360c63e36f.jpg&w=3840&q=75"
        srcSet="/_next/image?url=https%3A%2F%2Fres.cloudinary.com%2Fdk9jp2gb5%2Fimage%2Fupload%2Fv1687419247%2Fsmall_what_s_inside_a_black_hole_360c63e36f.jpg&w=16&q=75 16w, /_next/image?url=https%3A%2F%2Fres.cloudinary.com%2Fdk9jp2gb5%2Fimage%2Fupload%2Fv1687419247%2Fsmall_what_s_inside_a_black_hole_360c63e36f.jpg&w=32&q=75 32w, /_next/image?url=https%3A%2F%2Fres.cloudinary.com%2Fdk9jp2gb5%2Fimage%2Fupload%2Fv1687419247%2Fsmall_what_s_inside_a_black_hole_360c63e36f.jpg&w=48&q=75 48w, /_next/image?url=https%3A%2F%2Fres.cloudinary.com%2Fdk9jp2gb5%2Fimage%2Fupload%2Fv1687419247%2Fsmall_what_s_inside_a_black_hole_360c63e36f.jpg&w=64&q=75 64w, /_next/image?url=https%3A%2F%2Fres.cloudinary.com%2Fdk9jp2gb5%2Fimage%2Fupload%2Fv1687419247%2Fsmall_what_s_inside_a_black_hole_360c63e36f.jpg&w=96&q=75 96w, /_next/image?url=https%3A%2F%2Fres.cloudinary.com%2Fdk9jp2gb5%2Fimage%2Fupload%2Fv1687419247%2Fsmall_what_s_inside_a_black_hole_360c63e36f.jpg&w=128&q=75 128w, /_next/image?url=https%3A%2F%2Fres.cloudinary.com%2Fdk9jp2gb5%2Fimage%2Fupload%2Fv1687419247%2Fsmall_what_s_inside_a_black_hole_360c63e36f.jpg&w=256&q=75 256w, /_next/image?url=https%3A%2F%2Fres.cloudinary.com%2Fdk9jp2gb5%2Fimage%2Fupload%2Fv1687419247%2Fsmall_what_s_inside_a_black_hole_360c63e36f.jpg&w=384&q=75 384w, /_next/image?url=https%3A%2F%2Fres.cloudinary.com%2Fdk9jp2gb5%2Fimage%2Fupload%2Fv1687419247%2Fsmall_what_s_inside_a_black_hole_360c63e36f.jpg&w=640&q=75 640w, /_next/image?url=https%3A%2F%2Fres.cloudinary.com%2Fdk9jp2gb5%2Fimage%2Fupload%2Fv1687419247%2Fsmall_what_s_inside_a_black_hole_360c63e36f.jpg&w=750&q=75 750w, /_next/image?url=https%3A%2F%2Fres.cloudinary.com%2Fdk9jp2gb5%2Fimage%2Fupload%2Fv1687419247%2Fsmall_what_s_inside_a_black_hole_360c63e36f.jpg&w=828&q=75 828w, /_next/image?url=https%3A%2F%2Fres.cloudinary.com%2Fdk9jp2gb5%2Fimage%2Fupload%2Fv1687419247%2Fsmall_what_s_inside_a_black_hole_360c63e36f.jpg&w=1080&q=75 1080w, /_next/image?url=https%3A%2F%2Fres.cloudinary.com%2Fdk9jp2gb5%2Fimage%2Fupload%2Fv1687419247%2Fsmall_what_s_inside_a_black_hole_360c63e36f.jpg&w=1200&q=75 1200w, /_next/image?url=https%3A%2F%2Fres.cloudinary.com%2Fdk9jp2gb5%2Fimage%2Fupload%2Fv1687419247%2Fsmall_what_s_inside_a_black_hole_360c63e36f.jpg&w=1920&q=75 1920w, /_next/image?url=https%3A%2F%2Fres.cloudinary.com%2Fdk9jp2gb5%2Fimage%2Fupload%2Fv1687419247%2Fsmall_what_s_inside_a_black_hole_360c63e36f.jpg&w=2048&q=75 2048w, /_next/image?url=https%3A%2F%2Fres.cloudinary.com%2Fdk9jp2gb5%2Fimage%2Fupload%2Fv1687419247%2Fsmall_what_s_inside_a_black_hole_360c63e36f.jpg&w=3840&q=75 3840w"
        style={
          {
            "bottom": 0,
            "color": "transparent",
            "height": "100%",
            "left": 0,
            "objectFit": "cover",
            "objectPosition": undefined,
            "position": "absolute",
            "right": 0,
            "top": 0,
            "width": "100%",
          }
        }
      />
    </a>
  </div>
  <div
    className="grid grid-rows-4 mt-4"
  >
    <div
      className="row-span-1"
    >
      <a
        href="/category/technology"
        onClick={[Function]}
        onMouseEnter={[Function]}
        onTouchStart={[Function]}
      >
        <span
          className="px-4 py-1 rounded-lg font-medium bg-label-light text-color-primary dark:bg-label-dark hover:bg-color-primary dark:hover:bg-color-primary hover:text-white"
        >
          Technology
        </span>
      </a>
    </div>
    <p
      className="font-bold text-lg dark:text-color-bold-dark row-span-2"
    >
      Chương 10: SELECTION ALGORITHMS - 2.Problems & Solutions(13-21)
    </p>
    <div
      className="flex items-center font-sm text-color-blur row-span-1"
    >
      <a
        className="flex items-center"
        href="/writer/8"
        onClick={[Function]}
        onMouseEnter={[Function]}
        onTouchStart={[Function]}
      >
        <div
          className="rounded-full overflow-hidden cursor-pointer relative hover:opacity-60"
          style={
            {
              "height": "40px",
              "width": "40px",
            }
          }
        >
          <svg
            aria-hidden="true"
            className="w-full h-full text-gray-400 dark:text-white"
            fill="currentColor"
            height="1em"
            stroke="currentColor"
            strokeWidth="0"
            style={
              {
                "color": undefined,
              }
            }
            viewBox="0 0 20 20"
            width="1em"
            xmlns="http://www.w3.org/2000/svg"
          >
            <path
              clipRule="evenodd"
              d="M18 10a8 8 0 11-16 0 8 8 0 0116 0zm-6-3a2 2 0 11-4 0 2 2 0 014 0zm-2 4a5 5 0 00-4.546 2.916A5.986 5.986 0 0010 16a5.986 5.986 0 004.546-2.084A5 5 0 0010 11z"
              fillRule="evenodd"
            />
          </svg>
        </div>
        <p
          className="ml-2 mr-4 font-medium hover:text-color-primary"
        >
          Kevin Nguyen
        </p>
      </a>
      <p>
        June 23, 2023
      </p>
    </div>
  </div>
</div>
`;
