// Jest Snapshot v1, https://goo.gl/fbAQLP

exports[`MiniNavigation component should render correctly 1`] = `
<div
  className="fixed bg-white flex justify-center lg:hidden dark:bg-dark-mode dark:text-white inset-0 text-center transition-all duration-300 ease-in-out z-10 w-0 overflow-hidden"
>
  <p>
    Home
  </p>
  <p>
    Blog
  </p>
  <p>
    Logout
  </p>
</div>
`;
