// Jest Snapshot v1, https://goo.gl/fbAQLP

exports[`Pagination component should render correctly 1`] = `
<ul
  aria-label="Pagination"
  className="flex justify-center items-center my-4 text-sm lg:text-lg text-color-medium dark:text-color-medium-dark"
  role="navigation"
>
  <li
    className="mx-4 hover:bg-gray-700 hover:text-white px-4 py-1 rounded-full hidden"
  >
    <a
      aria-disabled="true"
      aria-label="Previous page"
      className=" "
      onClick={[Function]}
      onKeyPress={[Function]}
      rel="prev"
      role="button"
      tabIndex="-1"
    >
      Previous
    </a>
  </li>
  <li
    className="px-4 py-2 flex justify-center items-center rounded-full mx-2 hover:bg-gray-700 hover:text-white text-blue-700 bg-gray-200 hover:!text-blue-700 hover:!bg-gray-200"
  >
    <a
      aria-current="page"
      aria-label="Page 1 is your current page"
      onClick={[Function]}
      onKeyPress={[Function]}
      rel="canonical"
      role="button"
      tabIndex="-1"
    >
      1
    </a>
  </li>
  <li
    className="px-4 py-2 flex justify-center items-center rounded-full mx-2 hover:bg-gray-700 hover:text-white"
  >
    <a
      aria-current={null}
      aria-label="Page 2"
      onClick={[Function]}
      onKeyPress={[Function]}
      rel="next"
      role="button"
      tabIndex="0"
    >
      2
    </a>
  </li>
  <li
    className="px-4 py-2 flex justify-center items-center rounded-full mx-2 hover:bg-gray-700 hover:text-white"
  >
    <a
      aria-current={null}
      aria-label="Page 3"
      onClick={[Function]}
      onKeyPress={[Function]}
      role="button"
      tabIndex="0"
    >
      3
    </a>
  </li>
  <li
    className="px-4 py-2 flex justify-center items-center rounded-full mx-2 hover:bg-gray-700 hover:text-white"
  >
    <a
      aria-current={null}
      aria-label="Page 4"
      onClick={[Function]}
      onKeyPress={[Function]}
      role="button"
      tabIndex="0"
    >
      4
    </a>
  </li>
  <li
    className="px-4 py-2 flex justify-center items-center rounded-full mx-2 hover:bg-gray-700 hover:text-white"
  >
    <a
      aria-current={null}
      aria-label="Page 5"
      onClick={[Function]}
      onKeyPress={[Function]}
      role="button"
      tabIndex="0"
    >
      5
    </a>
  </li>
  <li
    className="mx-4 hover:bg-gray-700 hover:text-white px-4 py-1 rounded-full"
  >
    <a
      aria-disabled="false"
      aria-label="Next page"
      className=""
      onClick={[Function]}
      onKeyPress={[Function]}
      rel="next"
      role="button"
      tabIndex="0"
    >
      Next
    </a>
  </li>
</ul>
`;
